// Jest Snapshot v1, https://goo.gl/fbAQLP

exports[`Container should render with no problems 1`] = `null`;
