// Jest Snapshot v1, https://goo.gl/fbAQLP

exports[`News Article Component should render with no problems 1`] = `
<div
  className="sc-htpNat hYBESW"
>
  <div
    className="sc-bxivhb iClDYI"
  >
    <div
      className="sc-EHOje dCFzmG"
    >
      <span
        className="bold"
      >
        <span
          className="sc-bZQynM iLwGJq"
        />
      </span>
      <span
        className="sc-gzVnrw LCHQx"
      >
        Dec 4
      </span>
    </div>
    <div
      className="sc-htoDjs ePGLu"
    >
      <h3
        className="sc-iwsKbI hjgvjT"
      >
        <div
          className="sc-dnqmqq yzksM"
        />
      </h3>
      <div
        className="sc-gZMcBi hKQuOj"
      />
    </div>
    <div
      className="sc-ifAKCX eCEovD"
    >
      <svg
        className="sc-gqjmRU bmDPVf"
        fill="8c8c8e"
        height="11"
        viewBox="0 0 14 11"
        width="14"
      >
        <path
          d="M7 10.8889 C 3.13401 10.8889 0 7.04766 0 5.44444 C 9.81687e-17 3.84123 3.13401 0 7 0 C 10.866 0 14 3.84313 14 5.44444 C 14 7.04576 10.866 10.8889 7 10.8889 Z M 7 7.77778 C 8.28866 7.77778 9.33333 6.73311 9.33333 5.44444 C 9.33333 4.15578 8.28866 3.11111 7 3.11111 C 5.71134 3.11111 4.66667 4.15578 4.66667 5.44444 C 4.66667 6.73311 5.71134 7.77778 7 7.77778 Z"
          fillRule="evenodd"
        />
      </svg>
    </div>
  </div>
  <div
    className="sc-VigVT hKbwGv"
  >
    <img
      className="sc-jTzLTM hnpDpi"
    />
  </div>
</div>
`;
